câu 1 
Admin@Admin-PC MINGW64 ~
$ git clone https://github.com/nguyenthingocanh2507/24174600166_Nguyen_Thi_Ngoc_Anh_baitap.git
Cloning into '24174600166_Nguyen_Thi_Ngoc_Anh_baitap'...
remote: Enumerating objects: 6, done.
remote: Counting objects: 100% (6/6), done.
remote: Compressing objects: 100% (4/4), done.
remote: Total 6 (delta 0), reused 0 (delta 0), pack-reused 0 (from 0)
Receiving objects: 100% (6/6), done.
câu 2 

Admin@Admin-PC MINGW64 ~/OneDrive/New folder/24174600166_Nguyen_Thi_Ngoc_Anh_baitapgit (main)
$ git add README.md

Admin@Admin-PC MINGW64 ~/OneDrive/New folder/24174600166_Nguyen_Thi_Ngoc_Anh_baitapgit (main)
$ git commit -m
error: switch `m' requires a value

Admin@Admin-PC MINGW64 ~/OneDrive/New folder/24174600166_Nguyen_Thi_Ngoc_Anh_baitapgit (main)
$ git commit "Lorem ipsum dolor sit amet, consectetur adipiscing elit. Integer efficitur, eros at
lacinia suscipit, magna turpis aliquam est, sit amet aliquam quam libero id mi. Ut vel
placerat risus. Sed tempor in ex vitae sodales. Donec et tempor orci. In pharetra viverra
sagittis. Vestibulum risus ante, molestie ac eros efficitur, bibendum tincidunt turpis. In sit
amet tortor gravida, ultricies ante vitae, varius tortor. Aliquam finibus porta nulla sed
gravida. Aliquam ultricies dapibus ante eget molestie. In hac habitasse platea dictumst.
Aliquam aliquam enim at massa pharetra, et vestibulum sapien consequat. Donec
accumsan quis metus at pellentesque. Morbi quis felis placerat, interdum justo a, aliquam
risus."
error: pathspec 'Lorem ipsum dolor sit amet, consectetur adipiscing elit. Integer efficitur, eros at
lacinia suscipit, magna turpis aliquam est, sit amet aliquam quam libero id mi. Ut vel
placerat risus. Sed tempor in ex vitae sodales. Donec et tempor orci. In pharetra viverra
sagittis. Vestibulum risus ante, molestie ac eros efficitur, bibendum tincidunt turpis. In sit
amet tortor gravida, ultricies ante vitae, varius tortor. Aliquam finibus porta nulla sed
gravida. Aliquam ultricies dapibus ante eget molestie. In hac habitasse platea dictumst.
Aliquam aliquam enim at massa pharetra, et vestibulum sapien consequat. Donec
accumsan quis metus at pellentesque. Morbi quis felis placerat, interdum justo a, aliquam
risus.' did not match any file(s) known to git

Admin@Admin-PC MINGW64 ~/OneDrive/New folder/24174600166_Nguyen_Thi_Ngoc_Anh_baitapgit (main)
$ git push origin main
remote: Permission to nguyenanh2507/24174600166_Nguyen_Thi_Ngoc_Anh_baitapgit.git denied to nguyenthingocanh2507.
fatal: unable to access 'https://github.com/nguyenanh2507/24174600166_Nguyen_Thi_Ngoc_Anh_baitapgit.git/': The requested URL returned error: 403


