câu 3
Admin@Admin-PC MINGW64 ~/OneDrive/New folder/24174600166_Nguyen_Thi_Ngoc_Anh_baitapgit/24174600166_Nguyen_Thi_Ngoc_Anh_baitap (main)
$ git checkout -b branch_1
Switched to a new branch 'branch_1'

Admin@Admin-PC MINGW64 ~/OneDrive/New folder/24174600166_Nguyen_Thi_Ngoc_Anh_baitapgit/24174600166_Nguyen_Thi_Ngoc_Anh_baitap (branch_1)
$ echo "Lorem ipsum dolor sit amet, consectetur adipiscing elit." > text_branch_1.txt

Admin@Admin-PC MINGW64 ~/OneDrive/New folder/24174600166_Nguyen_Thi_Ngoc_Anh_baitapgit/24174600166_Nguyen_Thi_Ngoc_Anh_baitap (branch_1)
$ git add text_branch_1.txt
warning: in the working copy of 'text_branch_1.txt', LF will be replaced by CRLF the next time Git touches it

Admin@Admin-PC MINGW64 ~/OneDrive/New folder/24174600166_Nguyen_Thi_Ngoc_Anh_baitapgit/24174600166_Nguyen_Thi_Ngoc_Anh_baitap (branch_1)
$ git commit -m "Tạo tệp text_branch_1.txt"
[branch_1 8123ae9] Tạo tệp text_branch_1.txt
 1 file changed, 1 insertion(+)
 create mode 100644 text_branch_1.txt

Admin@Admin-PC MINGW64 ~/OneDrive/New folder/24174600166_Nguyen_Thi_Ngoc_Anh_baitapgit/24174600166_Nguyen_Thi_Ngoc_Anh_baitap (branch_1)
$ git checkout main
Switched to branch 'main'
Your branch is up to date with 'origin/main'.

Admin@Admin-PC MINGW64 ~/OneDrive/New folder/24174600166_Nguyen_Thi_Ngoc_Anh_baitapgit/24174600166_Nguyen_Thi_Ngoc_Anh_baitap (main)
$ git checkout -b branch_2
Switched to a new branch 'branch_2'

Admin@Admin-PC MINGW64 ~/OneDrive/New folder/24174600166_Nguyen_Thi_Ngoc_Anh_baitapgit/24174600166_Nguyen_Thi_Ngoc_Anh_baitap (branch_2)
$ echo "Praesent ullamcorper orci eu erat placerat sodales." > text_branch_2.txt

Admin@Admin-PC MINGW64 ~/OneDrive/New folder/24174600166_Nguyen_Thi_Ngoc_Anh_baitapgit/24174600166_Nguyen_Thi_Ngoc_Anh_baitap (branch_2)
$ git add text_branch_2.txt
warning: in the working copy of 'text_branch_2.txt', LF will be replaced by CRLF the next time Git touches it

Admin@Admin-PC MINGW64 ~/OneDrive/New folder/24174600166_Nguyen_Thi_Ngoc_Anh_baitapgit/24174600166_Nguyen_Thi_Ngoc_Anh_baitap (branch_2)
$ git commit -m "Tạo tệp text_branch_2.txt"
[branch_2 f2bef16] Tạo tệp text_branch_2.txt
 1 file changed, 1 insertion(+)
 create mode 100644 text_branch_2.txt

Admin@Admin-PC MINGW64 ~/OneDrive/New folder/24174600166_Nguyen_Thi_Ngoc_Anh_baitapgit/24174600166_Nguyen_Thi_Ngoc_Anh_baitap (branch_2)
$ git checkout main
Switched to branch 'main'
Your branch is up to date with 'origin/main'.

Admin@Admin-PC MINGW64 ~/OneDrive/New folder/24174600166_Nguyen_Thi_Ngoc_Anh_baitapgit/24174600166_Nguyen_Thi_Ngoc_Anh_baitap (main)
$ git checkout -b branch_3
Switched to a new branch 'branch_3'

Admin@Admin-PC MINGW64 ~/OneDrive/New folder/24174600166_Nguyen_Thi_Ngoc_Anh_baitapgit/24174600166_Nguyen_Thi_Ngoc_Anh_baitap (branch_3)
$ echo "Integer sit amet nisi aliquam, tempor libero quis, cursus erat." > text_branch_3.txt

Admin@Admin-PC MINGW64 ~/OneDrive/New folder/24174600166_Nguyen_Thi_Ngoc_Anh_baitapgit/24174600166_Nguyen_Thi_Ngoc_Anh_baitap (branch_3)
$ git add text_branch_3.txt
warning: in the working copy of 'text_branch_3.txt', LF will be replaced by CRLF the next time Git touches it

Admin@Admin-PC MINGW64 ~/OneDrive/New folder/24174600166_Nguyen_Thi_Ngoc_Anh_baitapgit/24174600166_Nguyen_Thi_Ngoc_Anh_baitap (branch_3)
$ git commit -m "Tạo tệp text_branch_3.txt"
[branch_3 a404de5] Tạo tệp text_branch_3.txt
 1 file changed, 1 insertion(+)
 create mode 100644 text_branch_3.txt

Admin@Admin-PC MINGW64 ~/OneDrive/New folder/24174600166_Nguyen_Thi_Ngoc_Anh_baitapgit/24174600166_Nguyen_Thi_Ngoc_Anh_baitap (branch_3)
$ git checkout main
Switched to branch 'main'
Your branch is up to date with 'origin/main'.

Admin@Admin-PC MINGW64 ~/OneDrive/New folder/24174600166_Nguyen_Thi_Ngoc_Anh_baitapgit/24174600166_Nguyen_Thi_Ngoc_Anh_baitap (main)
$ git checkout -b branch_4
Switched to a new branch 'branch_4'

Admin@Admin-PC MINGW64 ~/OneDrive/New folder/24174600166_Nguyen_Thi_Ngoc_Anh_baitapgit/24174600166_Nguyen_Thi_Ngoc_Anh_baitap (branch_4)
$ echo "Cras ac mi nec nisi porta ultrices sed non ante." > text_branch_4.txt

Admin@Admin-PC MINGW64 ~/OneDrive/New folder/24174600166_Nguyen_Thi_Ngoc_Anh_baitapgit/24174600166_Nguyen_Thi_Ngoc_Anh_baitap (branch_4)
$ git add text_branch_4.txt
warning: in the working copy of 'text_branch_4.txt', LF will be replaced by CRLF the next time Git touches it

Admin@Admin-PC MINGW64 ~/OneDrive/New folder/24174600166_Nguyen_Thi_Ngoc_Anh_baitapgit/24174600166_Nguyen_Thi_Ngoc_Anh_baitap (branch_4)
$ git commit -m "Tạo tệp text_branch_4.txt"
[branch_4 97d6ac5] Tạo tệp text_branch_4.txt
 1 file changed, 1 insertion(+)
 create mode 100644 text_branch_4.txt

Admin@Admin-PC MINGW64 ~/OneDrive/New folder/24174600166_Nguyen_Thi_Ngoc_Anh_baitapgit/24174600166_Nguyen_Thi_Ngoc_Anh_baitap (branch_4)
$ git checkout main
\Switched to branch 'main'
Your branch is up to date with 'origin/main'.

Admin@Admin-PC MINGW64 ~/OneDrive/New folder/24174600166_Nguyen_Thi_Ngoc_Anh_baitapgit/24174600166_Nguyen_Thi_Ngoc_Anh_baitap (main)
$ git push origin branch_1
fatal: User canceled device code authentication
remote: No anonymous write access.
fatal: Authentication failed for 'https://github.com/nguyenthingocanh2507/24174600166_Nguyen_Thi_Ngoc_Anh_baitap.git/'

Admin@Admin-PC MINGW64 ~/OneDrive/New folder/24174600166_Nguyen_Thi_Ngoc_Anh_baitapgit/24174600166_Nguyen_Thi_Ngoc_Anh_baitap (main)
$  git push -u origin main
Everything up-to-date
branch 'main' set up to track 'origin/main'.

Admin@Admin-PC MINGW64 ~/OneDrive/New folder/24174600166_Nguyen_Thi_Ngoc_Anh_baitapgit/24174600166_Nguyen_Thi_Ngoc_Anh_baitap (main)
$ git push -u origin branch_1
Enumerating objects: 4, done.
Counting objects: 100% (4/4), done.
Delta compression using up to 12 threads
Compressing objects: 100% (3/3), done.
Writing objects: 100% (3/3), 354 bytes | 354.00 KiB/s, done.
Total 3 (delta 1), reused 0 (delta 0), pack-reused 0 (from 0)
remote: Resolving deltas: 100% (1/1), completed with 1 local object.
remote:
remote: Create a pull request for 'branch_1' on GitHub by visiting:
remote:      https://github.com/nguyenthingocanh2507/24174600166_Nguyen_Thi_Ngoc_Anh_baitap/pull/new/branch_1
remote:
To https://github.com/nguyenthingocanh2507/24174600166_Nguyen_Thi_Ngoc_Anh_baitap.git
 * [new branch]      branch_1 -> branch_1
branch 'branch_1' set up to track 'origin/branch_1'.

Admin@Admin-PC MINGW64 ~/OneDrive/New folder/24174600166_Nguyen_Thi_Ngoc_Anh_baitapgit/24174600166_Nguyen_Thi_Ngoc_Anh_baitap (main)
$ git push origin branch_2
Enumerating objects: 4, done.
Counting objects: 100% (4/4), done.
Delta compression using up to 12 threads
Compressing objects: 100% (3/3), done.
Writing objects: 100% (3/3), 348 bytes | 348.00 KiB/s, done.
Total 3 (delta 1), reused 0 (delta 0), pack-reused 0 (from 0)
remote: Resolving deltas: 100% (1/1), completed with 1 local object.
remote:
remote: Create a pull request for 'branch_2' on GitHub by visiting:
remote:      https://github.com/nguyenthingocanh2507/24174600166_Nguyen_Thi_Ngoc_Anh_baitap/pull/new/branch_2
remote:
To https://github.com/nguyenthingocanh2507/24174600166_Nguyen_Thi_Ngoc_Anh_baitap.git
 * [new branch]      branch_2 -> branch_2

Admin@Admin-PC MINGW64 ~/OneDrive/New folder/24174600166_Nguyen_Thi_Ngoc_Anh_baitapgit/24174600166_Nguyen_Thi_Ngoc_Anh_baitap (main)
$ git push origin branch_3
Enumerating objects: 4, done.
Counting objects: 100% (4/4), done.
Delta compression using up to 12 threads
Compressing objects: 100% (3/3), done.
Writing objects: 100% (3/3), 357 bytes | 357.00 KiB/s, done.
Total 3 (delta 1), reused 0 (delta 0), pack-reused 0 (from 0)
remote: Resolving deltas: 100% (1/1), completed with 1 local object.
remote:
remote: Create a pull request for 'branch_3' on GitHub by visiting:
remote:      https://github.com/nguyenthingocanh2507/24174600166_Nguyen_Thi_Ngoc_Anh_baitap/pull/new/branch_3
remote:
To https://github.com/nguyenthingocanh2507/24174600166_Nguyen_Thi_Ngoc_Anh_baitap.git
 * [new branch]      branch_3 -> branch_3

Admin@Admin-PC MINGW64 ~/OneDrive/New folder/24174600166_Nguyen_Thi_Ngoc_Anh_baitapgit/24174600166_Nguyen_Thi_Ngoc_Anh_baitap (main)
$ git push origin branch_4
Enumerating objects: 4, done.
Counting objects: 100% (4/4), done.
Delta compression using up to 12 threads
Compressing objects: 100% (2/2), done.
Writing objects: 100% (3/3), 347 bytes | 347.00 KiB/s, done.
Total 3 (delta 1), reused 0 (delta 0), pack-reused 0 (from 0)
remote: Resolving deltas: 100% (1/1), completed with 1 local object.
remote:
remote: Create a pull request for 'branch_4' on GitHub by visiting:
remote:      https://github.com/nguyenthingocanh2507/24174600166_Nguyen_Thi_Ngoc_Anh_baitap/pull/new/branch_4
remote:
To https://github.com/nguyenthingocanh2507/24174600166_Nguyen_Thi_Ngoc_Anh_baitap.git
 * [new branch]      branch_4 -> branch_4
