câu 3 
Admin@Admin-PC MINGW64 ~/OneDrive/New folder/24174600166_Nguyen_Thi_Ngoc_Anh_baitapgit (main)
$ git checkout -b branch_1
Switched to a new branch 'branch_1'

Admin@Admin-PC MINGW64 ~/OneDrive/New folder/24174600166_Nguyen_Thi_Ngoc_Anh_baitapgit (branch_1)
$ echo "Lorem ipsum dolor sit amet, consectetur adipiscing elit." > text_branch_1.txt

Admin@Admin-PC MINGW64 ~/OneDrive/New folder/24174600166_Nguyen_Thi_Ngoc_Anh_baitapgit (branch_1)
$ git add text_branch_1.txt
warning: in the working copy of 'text_branch_1.txt', LF will be replaced by CRLF the next time Git touches it

Admin@Admin-PC MINGW64 ~/OneDrive/New folder/24174600166_Nguyen_Thi_Ngoc_Anh_baitapgit (branch_1)
$ git commit -m "Tạo tệp text_branch_1.txt"
[branch_1 852bcf8] Tạo tệp text_branch_1.txt
 2 files changed, 22 insertions(+), 2 deletions(-)
 create mode 100644 text_branch_1.txt

Admin@Admin-PC MINGW64 ~/OneDrive/New folder/24174600166_Nguyen_Thi_Ngoc_Anh_baitapgit (branch_1)
$ git checkout main
Switched to branch 'main'
Your branch is up to date with 'origin/main'.

Admin@Admin-PC MINGW64 ~/OneDrive/New folder/24174600166_Nguyen_Thi_Ngoc_Anh_baitapgit (main)
$ git checkout -b branch_2
Switched to a new branch 'branch_2'

Admin@Admin-PC MINGW64 ~/OneDrive/New folder/24174600166_Nguyen_Thi_Ngoc_Anh_baitapgit (branch_2)
$ echo "Praesent ullamcorper orci eu erat placerat sodales." > text_branch_2.txt

Admin@Admin-PC MINGW64 ~/OneDrive/New folder/24174600166_Nguyen_Thi_Ngoc_Anh_baitapgit (branch_2)
$ git add text_branch_2.txt
warning: in the working copy of 'text_branch_2.txt', LF will be replaced by CRLF the next time Git touches it

Admin@Admin-PC MINGW64 ~/OneDrive/New folder/24174600166_Nguyen_Thi_Ngoc_Anh_baitapgit (branch_2)
$ git commit -m "Tạo tệp text_branch_2.txt"
[branch_2 16d1de0] Tạo tệp text_branch_2.txt
 1 file changed, 1 insertion(+)
 create mode 100644 text_branch_2.txt

Admin@Admin-PC MINGW64 ~/OneDrive/New folder/24174600166_Nguyen_Thi_Ngoc_Anh_baitapgit (branch_2)
$ git checkout main
Switched to branch 'main'
Your branch is up to date with 'origin/main'.

Admin@Admin-PC MINGW64 ~/OneDrive/New folder/24174600166_Nguyen_Thi_Ngoc_Anh_baitapgit (main)
$ git checkout -b branch_3
Switched to a new branch 'branch_3'

Admin@Admin-PC MINGW64 ~/OneDrive/New folder/24174600166_Nguyen_Thi_Ngoc_Anh_baitapgit (branch_3)
$ echo "Integer sit amet nisi aliquam, tempor libero quis, cursus erat." > text_branch_3.txt

Admin@Admin-PC MINGW64 ~/OneDrive/New folder/24174600166_Nguyen_Thi_Ngoc_Anh_baitapgit (branch_3)
$ git add text_branch_3.txt
warning: in the working copy of 'text_branch_3.txt', LF will be replaced by CRLF the next time Git touches it

Admin@Admin-PC MINGW64 ~/OneDrive/New folder/24174600166_Nguyen_Thi_Ngoc_Anh_baitapgit (branch_3)
$ git commit -m "Tạo tệp text_branch_3.txt"
[branch_3 1dd9d22] Tạo tệp text_branch_3.txt
 1 file changed, 1 insertion(+)
 create mode 100644 text_branch_3.txt

Admin@Admin-PC MINGW64 ~/OneDrive/New folder/24174600166_Nguyen_Thi_Ngoc_Anh_baitapgit (branch_3)
$ git checkout main
Switched to branch 'main'
Your branch is up to date with 'origin/main'.

Admin@Admin-PC MINGW64 ~/OneDrive/New folder/24174600166_Nguyen_Thi_Ngoc_Anh_baitapgit (main)
$ git checkout -b branch_4
Switched to a new branch 'branch_4'

Admin@Admin-PC MINGW64 ~/OneDrive/New folder/24174600166_Nguyen_Thi_Ngoc_Anh_baitapgit (branch_4)
$ echo "Cras ac mi nec nisi porta ultrices sed non ante." > text_branch_4.txt

Admin@Admin-PC MINGW64 ~/OneDrive/New folder/24174600166_Nguyen_Thi_Ngoc_Anh_baitapgit (branch_4)
$ git add text_branch_4.txt
warning: in the working copy of 'text_branch_4.txt', LF will be replaced by CRLF the next time Git touches it

Admin@Admin-PC MINGW64 ~/OneDrive/New folder/24174600166_Nguyen_Thi_Ngoc_Anh_baitapgit (branch_4)
$ git commit -m "Tạo tệp text_branch_4.txt"
[branch_4 5127307] Tạo tệp text_branch_4.txt
 1 file changed, 1 insertion(+)
 create mode 100644 text_branch_4.txt

Admin@Admin-PC MINGW64 ~/OneDrive/New folder/24174600166_Nguyen_Thi_Ngoc_Anh_baitapgit (branch_4)
$ git checkout main
Switched to branch 'main'
Your branch is up to date with 'origin/main'.

